Component: ARM Compiler 5.06 update 6 (build 750) Tool: armlink [4d35ed]

==============================================================================

Section Cross References

    startup.o(RESET) refers to prac5.o(codigo) for inicio
    startup.o(.text) refers to startup.o(HEAP) for Heap_Mem
    startup.o(.text) refers to startup.o(STACK) for Stack_Mem
    prac5.o(codigo) refers to rand.o(codigo) for srand
    prac5.o(codigo) refers to prac5.o(datos) for semilla
    rand.o(codigo) refers to rand.o(datos) for rand_x


==============================================================================

Removing Unused input sections from the image.

    Removing startup.o(STACK), (2048 bytes).
    Removing startup.o(HEAP), (0 bytes).
    Removing startup.o(.text), (28 bytes).

3 unused section(s) (total 2076 bytes) removed from the image.

==============================================================================

Image Symbol Table

    Local Symbols

    Symbol Name                              Value     Ov Type        Size  Object(Section)

    RESET                                    0x00000000   Section      708  startup.o(RESET)
    Startup.s                                0x00000000   Number         0  startup.o ABSOLUTE
    prac5.s                                  0x00000000   Number         0  prac5.o ABSOLUTE
    rand.s                                   0x00000000   Number         0  rand.o ABSOLUTE
    RSE_Undef                                0x00000040   ARM Code       4  startup.o(RESET)
    RSE_PAbt                                 0x00000044   ARM Code       4  startup.o(RESET)
    RSE_DAbt                                 0x00000048   ARM Code       4  startup.o(RESET)
    RSE_IRQ                                  0x0000004c   ARM Code       4  startup.o(RESET)
    RSE_FIQ                                  0x00000050   ARM Code       4  startup.o(RESET)
    RSE_Reset                                0x00000054   ARM Code       0  startup.o(RESET)
    chanel2irq                               0x00000168   Data          16  startup.o(RESET)
    SO_T                                     0x00000178   Data           4  startup.o(RESET)
    SO_E1                                    0x0000017c   Data          29  startup.o(RESET)
    SO_N                                     0x00000199   Data          48  startup.o(RESET)
    SO_E2                                    0x000001c9   Data          15  startup.o(RESET)
    RSE_SWI                                  0x000001d8   ARM Code       0  startup.o(RESET)
    SO4                                      0x0000023c   ARM Code       0  startup.o(RESET)
    codigo                                   0x40000000   Section     2600  prac5.o(codigo)
    RSI_teclado                              0x400007f4   ARM Code       0  prac5.o(codigo)
    RSI_timer                                0x40000910   ARM Code       0  prac5.o(codigo)
    codigo                                   0x40000a28   Section      100  rand.o(codigo)
    datos                                    0x40000a8c   Section      170  prac5.o(datos)
    max                                      0x40000a90   Data           4  prac5.o(datos)
    contador                                 0x40000a94   Data           4  prac5.o(datos)
    almacen_uno                              0x40000a98   Data           4  prac5.o(datos)
    almacen_dos                              0x40000a9c   Data           4  prac5.o(datos)
    i_carretera                              0x40000aa0   Data           4  prac5.o(datos)
    d_carretera                              0x40000aa4   Data           4  prac5.o(datos)
    semilla                                  0x40000aa8   Data           4  prac5.o(datos)
    tecla_pulsada                            0x40000aac   Data           4  prac5.o(datos)
    puntuacion_u                             0x40000ab0   Data           1  prac5.o(datos)
    puntuacion_d                             0x40000ab1   Data           1  prac5.o(datos)
    puntuacion_c                             0x40000ab2   Data           1  prac5.o(datos)
    puntuacion_m                             0x40000ab3   Data           1  prac5.o(datos)
    dirx                                     0x40000ab5   Data           1  prac5.o(datos)
    diry                                     0x40000ab6   Data           1  prac5.o(datos)
    izquierda                                0x40000ab7   Data           1  prac5.o(datos)
    medio                                    0x40000ab8   Data           1  prac5.o(datos)
    num_veces                                0x40000ab9   Data           1  prac5.o(datos)
    fin                                      0x40000aba   Data           1  prac5.o(datos)
    pausita                                  0x40000abb   Data           1  prac5.o(datos)
    credits                                  0x40000abc   Data           1  prac5.o(datos)
    texto                                    0x40000abd   Data           9  prac5.o(datos)
    texto_2                                  0x40000ac6   Data          32  prac5.o(datos)
    texto_3                                  0x40000ae6   Data          10  prac5.o(datos)
    texto_4                                  0x40000af0   Data          28  prac5.o(datos)
    texto_5                                  0x40000b0c   Data          25  prac5.o(datos)
    texto_6                                  0x40000b25   Data           5  prac5.o(datos)
    texto_7                                  0x40000b2a   Data          12  prac5.o(datos)
    datos                                    0x40000b38   Section       12  rand.o(datos)
    rand_x                                   0x40000b38   Data           4  rand.o(datos)
    rand_a                                   0x40000b3c   Data           4  rand.o(datos)
    rand_c                                   0x40000b40   Data           4  rand.o(datos)

    Global Symbols

    Symbol Name                              Value     Ov Type        Size  Object(Section)

    BuildAttributes$$THM_ISAv1$ARM_ISAv4$S$PE$A:L22$X:L11$S22$IEEE1$IW$USESV6$~STKCKD$USESV7$~SHL$OSPACE$EBA8$STANDARDLIB$EABIv2 0x00000000   Number         0  anon$$obj.o ABSOLUTE
    inicio                                   0x40000000   ARM Code       0  prac5.o(codigo)
    srand                                    0x40000a28   ARM Code       4  rand.o(codigo)
    rand                                     0x40000a44   ARM Code       4  rand.o(codigo)



==============================================================================

Memory Map of the image

  Image Entry point : 0x00000000

  Load Region LR_IROM1 (Base: 0x00000000, Size: 0x000002c4, Max: 0x00020000, ABSOLUTE)

    Execution Region ER_IROM1 (Exec base: 0x00000000, Load base: 0x00000000, Size: 0x000002c4, Max: 0xffffffff, ABSOLUTE)

    Exec Addr    Load Addr    Size         Type   Attr      Idx    E Section Name        Object

    0x00000000   0x00000000   0x000002c4   Code   RO            3  * RESET               startup.o



  Load Region LR_IRAM1 (Base: 0x40000000, Size: 0x00000b44, Max: 0x00008000, ABSOLUTE)

    Execution Region ER_IRAM1 (Exec base: 0x40000000, Load base: 0x40000000, Size: 0x00000b44, Max: 0xffffffff, ABSOLUTE)

    Exec Addr    Load Addr    Size         Type   Attr      Idx    E Section Name        Object

    0x40000000   0x40000000   0x00000a28   Code   RO           12    codigo              prac5.o
    0x40000a28   0x40000a28   0x00000064   Code   RO           16    codigo              rand.o
    0x40000a8c   0x40000a8c   0x000000aa   Data   RW           11    datos               prac5.o
    0x40000b36   0x40000b36   0x00000002   PAD
    0x40000b38   0x40000b38   0x0000000c   Data   RW           15    datos               rand.o


==============================================================================

Image component sizes


      Code (inc. data)   RO Data    RW Data    ZI Data      Debug   Object Name

      2600        168          0        170          0        892   prac5.o
       100         12          0         12          0        272   rand.o
       708        224          0          0          0        444   startup.o

    ----------------------------------------------------------------------
      3408        404          0        184          0       1608   Object Totals
         0          0          0          0          0          0   (incl. Generated)
         0          0          0          2          0          0   (incl. Padding)

    ----------------------------------------------------------------------
         0          0          0          0          0          0   Library Totals
         0          0          0          0          0          0   (incl. Padding)

    ----------------------------------------------------------------------

==============================================================================


      Code (inc. data)   RO Data    RW Data    ZI Data      Debug   

      3408        404          0        184          0       1608   Grand Totals
      3408        404          0        184          0       1608   ELF Image Totals
      3408        404          0        184          0          0   ROM Totals

==============================================================================

    Total RO  Size (Code + RO Data)                 3408 (   3.33kB)
    Total RW  Size (RW Data + ZI Data)               184 (   0.18kB)
    Total ROM Size (Code + RO Data + RW Data)       3592 (   3.51kB)

==============================================================================

